<testsuite errors="0" failures="0" name="Django Project Tests" skips="0" tests="115" time="14.329"><testcase classname="data_facility_admin.test_ldap_projects.LdapProjectsTestCase" name="test_ldap_project_create_disable" time="0.056689" /><testcase classname="data_facility_admin.test_ldap_projects.LdapProjectsTestCase" name="test_ldap_project_membership" time="0.203053" /><testcase classname="data_facility_admin.test_admin.AdminSiteTests" name="test_add_data_agreement" time="0.402575" /><testcase classname="data_facility_admin.test_admin.AdminSiteTests" name="test_add_data_agreement_signature" time="0.202488" /><testcase classname="data_facility_admin.test_admin.AdminSiteTests" name="test_add_database_schema" time="0.159303" /><testcase classname="data_facility_admin.test_admin.AdminSiteTests" name="test_add_dataset" time="0.475328" /><testcase classname="data_facility_admin.test_admin.AdminSiteTests" name="test_add_dataset_access" time="0.210313" /><testcase classname="data_facility_admin.test_admin.AdminSiteTests" name="test_add_profile_tag" time="0.170456" /><testcase classname="data_facility_admin.test_admin.AdminSiteTests" name="test_add_research_project" time="0.645717" /><testcase classname="data_facility_admin.test_admin.AdminSiteTests" name="test_add_role" time="0.237975" /><testcase classname="data_facility_admin.test_admin.AdminSiteTests" name="test_add_terms_of_use" time="0.159497" /><testcase classname="data_facility_admin.test_admin.AdminSiteTests" name="test_add_training" time="0.255877" /><testcase classname="data_facility_admin.test_admin.AdminSiteTests" name="test_add_user" time="0.812722" /><testcase classname="data_facility_admin.test_admin.AdminSiteTests" name="test_df_role_model_admin_has_fields" time="0.063173" /><testcase classname="data_facility_admin.test_admin.AdminSiteTests" name="test_list_data_agreement_signature" time="0.183908" /><testcase classname="data_facility_admin.test_admin.AdminSiteTests" name="test_list_data_agreements" time="0.368257" /><testcase classname="data_facility_admin.test_admin.AdminSiteTests" name="test_list_database_schema" time="0.276576" /><testcase classname="data_facility_admin.test_admin.AdminSiteTests" name="test_list_dataset_access" time="0.250550" /><testcase classname="data_facility_admin.test_admin.AdminSiteTests" name="test_list_datasets" time="0.171780" /><testcase classname="data_facility_admin.test_admin.AdminSiteTests" name="test_list_profile_tags" time="0.151143" /><testcase classname="data_facility_admin.test_admin.AdminSiteTests" name="test_list_research_projects" time="0.206688" /><testcase classname="data_facility_admin.test_admin.AdminSiteTests" name="test_list_roles" time="0.336904" /><testcase classname="data_facility_admin.test_admin.AdminSiteTests" name="test_list_terms_of_use" time="0.172817" /><testcase classname="data_facility_admin.test_admin.AdminSiteTests" name="test_list_training" time="0.208533" /><testcase classname="data_facility_admin.test_admin.AdminSiteTests" name="test_list_users" time="0.232087" /><testcase classname="data_facility_admin.test_admin.AdminSiteTests" name="test_login" time="0.127786" /><testcase classname="data_facility_admin.test_admin.AdminSiteTests" name="test_login_admin_user" time="0.160424" /><testcase classname="data_facility_admin.test_admin.AdminSiteTests" name="test_search_data_agreement_signature" time="0.336372" /><testcase classname="data_facility_admin.test_admin.AdminSiteTests" name="test_search_data_agreements" time="0.207396" /><testcase classname="data_facility_admin.test_admin.AdminSiteTests" name="test_search_database_schema" time="0.202941" /><testcase classname="data_facility_admin.test_admin.AdminSiteTests" name="test_search_dataset_access" time="0.227396" /><testcase classname="data_facility_admin.test_admin.AdminSiteTests" name="test_search_datasets" time="0.317442" /><testcase classname="data_facility_admin.test_admin.AdminSiteTests" name="test_search_profile_tags" time="0.175653" /><testcase classname="data_facility_admin.test_admin.AdminSiteTests" name="test_search_research_projects" time="0.186386" /><testcase classname="data_facility_admin.test_admin.AdminSiteTests" name="test_search_roles" time="0.164383" /><testcase classname="data_facility_admin.test_admin.AdminSiteTests" name="test_search_terms_of_use" time="0.198819" /><testcase classname="data_facility_admin.test_admin.AdminSiteTests" name="test_search_training" time="0.249668" /><testcase classname="data_facility_admin.test_admin.AdminSiteTests" name="test_search_users" time="0.328603" /><testcase classname="data_facility_admin.test_ldap.LdapTestCase" name="test_ldap_disabling_user" time="0.083431" /><testcase classname="data_facility_admin.test_ldap.LdapTestCase" name="test_ldap_inactive_users_created_At" time="0.170910" /><testcase classname="data_facility_admin.test_ldap.LdapTestCase" name="test_ldap_inactive_users_last_auth_time" time="0.075510" /><testcase classname="data_facility_admin.test_ldap.LdapTestCase" name="test_ldap_locking_and_unlocking_user" time="0.081508" /><testcase classname="data_facility_admin.test_ldap.LdapTestCase" name="test_ldap_new_user" time="0.039306" /><testcase classname="data_facility_admin.test_ldap.LdapTestCase" name="test_ldap_pending_approval_user" time="0.025263" /><testcase classname="data_facility_admin.test_ldap.LdapTestCase" name="test_ldap_user_updates" time="0.121655" /><testcase classname="data_facility_admin.test_ldap_import.LdapTestCase" name="test_ldap_import_auth_time" time="0.125772" /><testcase classname="data_facility_admin.test_ldap_import.LdapTestCase" name="test_ldap_import_last_pwd_change" time="0.091492" /><testcase classname="data_facility_admin.test_ldap_import.LdapTestCase" name="test_ldap_import_lock_time" time="0.163324" /><testcase classname="data_facility_admin.test_notifications.DailyNotificationTests" name="test_system_update_has_data_access_created" time="0.170257" /><testcase classname="data_facility_admin.test_notifications.DailyNotificationTests" name="test_system_update_has_data_access_updated" time="0.174274" /><testcase classname="data_facility_admin.test_notifications.DailyNotificationTests" name="test_system_update_has_datasets_created" time="0.078667" /><testcase classname="data_facility_admin.test_notifications.DailyNotificationTests" name="test_system_update_has_datasets_updated" time="0.094927" /><testcase classname="data_facility_admin.test_notifications.DailyNotificationTests" name="test_system_update_has_projects_created" time="0.072115" /><testcase classname="data_facility_admin.test_notifications.DailyNotificationTests" name="test_system_update_has_projects_updated" time="0.055060" /><testcase classname="data_facility_admin.test_notifications.DailyNotificationTests" name="test_system_update_has_users_created" time="0.060123" /><testcase classname="data_facility_admin.test_notifications.DailyNotificationTests" name="test_system_update_has_users_pwd_expired" time="0.132309" /><testcase classname="data_facility_admin.test_notifications.DailyNotificationTests" name="test_system_update_has_users_updated" time="0.072099" /><testcase classname="data_facility_admin.test_notifications.DailyNotificationTests" name="test_update_period_reference_today_if_no_parameter" time="0.000773" /><testcase classname="data_facility_admin.test_dynamic.DynamicApiTests" name="test_api_list_0_project" time="0.133914" /><testcase classname="data_facility_admin.test_dynamic.DynamicApiTests" name="test_api_list_1_dfrole" time="0.120208" /><testcase classname="data_facility_admin.test_dynamic.DynamicApiTests" name="test_api_list_2_dataset" time="0.085742" /><testcase classname="data_facility_admin.test_dynamic.DynamicApiTests" name="test_api_list_3_user" time="0.084059" /><testcase classname="data_facility_admin.test_models.DatabaseTests" name="test_df_role_name_must_be_unique" time="0.025222" /><testcase classname="data_facility_admin.test_models.DatabaseTests" name="test_save_multiple_datasets_with_same_name" time="0.042319" /><testcase classname="data_facility_admin.test_models.DatabaseTests" name="test_save_multiple_projects_with_same_name" time="0.063718" /><testcase classname="data_facility_admin.test_models.DatabaseTests" name="test_save_multiple_users_with_same_name" time="0.071831" /><testcase classname="data_facility_admin.test_models.DatabaseTests" name="test_usersame_correctly_generated" time="0.015960" /><testcase classname="data_facility_admin.test_models.DatasetAccessTests" name="test_data_access_should_be_disabled_when_dataset_is_disabled" time="0.001666" /><testcase classname="data_facility_admin.test_models.DatasetTests" name="test_dataset_expired_system_status_is_disabled_when_active" time="0.002350" /><testcase classname="data_facility_admin.test_models.DatasetTests" name="test_dataset_expired_system_status_is_disabled_when_disabled" time="0.001580" /><testcase classname="data_facility_admin.test_models.DatasetTests" name="test_dataset_not_expired_system_status_is_active_when_active" time="0.001457" /><testcase classname="data_facility_admin.test_models.DatasetTests" name="test_dataset_not_expired_system_status_is_disabled_when_disabled" time="0.001907" /><testcase classname="data_facility_admin.test_models.LdapObjectrTests" name="test_ldap_name_remove_spaces" time="0.004989" /><testcase classname="data_facility_admin.test_models.LdapObjectrTests" name="test_normalize_ldap_name" time="0.002673" /><testcase classname="data_facility_admin.test_models.ProjectTests" name="test_active_member_has_project_role_admin" time="0.054428" /><testcase classname="data_facility_admin.test_models.ProjectTests" name="test_active_member_has_project_role_reader" time="0.065365" /><testcase classname="data_facility_admin.test_models.ProjectTests" name="test_active_member_has_project_role_writer" time="0.081139" /><testcase classname="data_facility_admin.test_models.ProjectTests" name="test_active_member_permissions_has_project_role_admin" time="0.122542" /><testcase classname="data_facility_admin.test_models.ProjectTests" name="test_active_member_permissions_has_project_role_reader" time="0.058174" /><testcase classname="data_facility_admin.test_models.ProjectTests" name="test_active_member_permissions_has_project_role_writer" time="0.049795" /><testcase classname="data_facility_admin.test_models.ProjectTests" name="test_empty_project_has_no_active_member_permissions" time="0.016681" /><testcase classname="data_facility_admin.test_models.ProjectTests" name="test_hyphens_should_turn_into_underline_on_ldap_name" time="0.021732" /><testcase classname="data_facility_admin.test_models.ProjectTests" name="test_instructor_permissions_override_membership_permissions" time="0.091909" /><testcase classname="data_facility_admin.test_models.ProjectTests" name="test_project_name_collision_case_1" time="0.083247" /><testcase classname="data_facility_admin.test_models.ProjectTests" name="test_spaces_should_turn_into_underline_on_ldap_name" time="0.019365" /><testcase classname="data_facility_admin.test_models.UserTests" name="test_username_collision_case_1" time="0.073988" /><testcase classname="data_facility_admin.test_models.UserTests" name="test_username_collision_case_2" time="0.025712" /><testcase classname="data_facility_admin.test_models.UserTests" name="test_username_collision_case_3" time="0.069621" /><testcase classname="data_facility_admin.test_models.UserTests" name="test_username_for_contractors" time="0.009520" /><testcase classname="data_facility_admin.test_models.UserTests" name="test_username_for_foreign_nationals" time="0.009530" /><testcase classname="data_facility_admin.api.test_api.ApiClientTests" name="test_api_client_dfrole_list" time="0.093130" /><testcase classname="data_facility_admin.api.test_api.ApiClientTests" name="test_api_project_list" time="0.069415" /><testcase classname="data_facility_admin.api.test_api.ApiTests" name="test_api_dataset_list" time="0.020682" /><testcase classname="data_facility_admin.api.test_api.ApiTests" name="test_api_db_sync" time="0.027962" /><testcase classname="data_facility_admin.api.test_api.ApiTests" name="test_api_db_sync_has_active_member_permissions" time="0.031414" /><testcase classname="data_facility_admin.api.test_api.ApiTests" name="test_api_db_sync_has_all_projects" time="0.035608" /><testcase classname="data_facility_admin.api.test_api.ApiTests" name="test_api_db_sync_has_datasets_with_access" time="0.042341" /><testcase classname="data_facility_admin.api.test_api.ApiTests" name="test_api_db_sync_has_db_schema" time="0.038493" /><testcase classname="data_facility_admin.api.test_api.ApiTests" name="test_api_db_sync_has_environment" time="0.025480" /><testcase classname="data_facility_admin.api.test_api.ApiTests" name="test_api_db_sync_has_ldap_name" time="0.035789" /><testcase classname="data_facility_admin.api.test_api.ApiTests" name="test_api_db_sync_has_status" time="0.028143" /><testcase classname="data_facility_admin.api.test_api.ApiTests" name="test_api_db_sync_has_the_test_project" time="0.031439" /><testcase classname="data_facility_admin.api.test_api.ApiTests" name="test_api_dfrole_detail" time="0.021007" /><testcase classname="data_facility_admin.api.test_api.ApiTests" name="test_api_dfrole_list" time="0.022686" /><testcase classname="data_facility_admin.api.test_api.ApiTests" name="test_api_needs_authentication" time="0.003473" /><testcase classname="data_facility_admin.api.test_api.ApiTests" name="test_api_project_list" time="0.023077" /><testcase classname="data_facility_admin.api.test_api.ApiTests" name="test_api_works_with_authentication" time="0.027809" /><testcase classname="data_facility_admin.test_serializers.LdapSerializersTests" name="test_user_ldap_serializer_dump_cn" time="0.000466" /><testcase classname="data_facility_admin.test_serializers.LdapSerializersTests" name="test_user_ldap_serializer_dump_dn" time="0.000458" /><testcase classname="data_facility_admin.test_serializers.LdapSerializersTests" name="test_user_ldap_serializer_dump_gidNumber" time="0.000324" /><testcase classname="data_facility_admin.test_serializers.LdapSerializersTests" name="test_user_ldap_serializer_dump_given_name" time="0.000510" /><testcase classname="data_facility_admin.test_serializers.LdapSerializersTests" name="test_user_ldap_serializer_dump_home_dir" time="0.000938" /><testcase classname="data_facility_admin.test_serializers.LdapSerializersTests" name="test_user_ldap_serializer_dump_mail" time="0.000747" /><testcase classname="data_facility_admin.test_serializers.LdapSerializersTests" name="test_user_ldap_serializer_dump_sn" time="0.000861" /><testcase classname="data_facility_admin.test_serializers.LdapSerializersTests" name="test_user_ldap_serializer_dump_uid" time="0.000856" /></testsuite>